<html>
<body>
<pre>
<h1>µVision Build Log</h1>
<h2>Tool Versions:</h2>
IDE-Version: ¦ÌVision V5.15
Copyright (C) 2015 ARM Ltd and ARM Germany GmbH. All rights reserved.
License Information: lv quanhui, 1123, LIC=6XJII-T9U6Q-QGG7I-T4LM4-NQ060-900NI
 
Tool Versions:
Toolchain:       MDK-ARM Professional  Version: 5.15.0
Toolchain Path:  C:\Keil_v5\ARM\ARMCC\Bin
C Compiler:      Armcc.exe V5.05 update 2 (build 169)
Assembler:       Armasm.exe V5.05 update 2 (build 169)
Linker/Locator:  ArmLink.exe V5.05 update 2 (build 169)
Library Manager: ArmAr.exe V5.05 update 2 (build 169)
Hex Converter:   FromElf.exe V5.05 update 2 (build 169)
CPU DLL:         SARMCM3.DLL V5.15.0
Dialog DLL:      DARMCM1.DLL V1.12.0.0
Target DLL:      Segger\JL2CM3.dll V2.99.15.0
Dialog DLL:      TARMCM1.DLL V1.9.0.0
 
<h2>Project:</h2>
D:\ZeroWork\STM32\STM32F0\F0_Breath_LED\Breath_LED\MDK-ARM\Breath_LED.uvprojx
Project File Date:  05/05/2016

<h2>Output:</h2>
*** Using Compiler 'V5.05 update 2 (build 169)', folder: 'C:\Keil_v5\ARM\ARMCC\Bin'
Build target 'Breath_LED Configuration'
compiling main.c...
../Src/main.c(74): warning:  #177-D: variable "PWM_NUM" was declared but never referenced
    uint16_t PWM_NUM=0;
../Src/main.c: 1 warning, 0 errors
linking...
Program Size: Code=4756 RO-data=236 RW-data=24 ZI-data=1088  
"Breath_LED Configuration/\.axf" - 0 Error(s), 1 Warning(s).

<h2>Software Packages used:</h2>

Package Vendor: ARM
                http://www.keil.com/pack/ARM.CMSIS.4.3.0.pack
                ARM::CMSIS:CORE:4.1.0
                CMSIS (Cortex Microcontroller Software Interface Standard)
   * Component: CORE Version: 4.1.0

<h2>Collection of Component include folders:</h2>
  D:\ZeroWork\STM32\STM32F0\F0_Breath_LED\Breath_LED\MDK-ARM\RTE
  C:\Keil_v5\ARM\PACK\ARM\CMSIS\4.3.0\CMSIS\Include
  C:\Keil_v5\ARM\PACK\Keil\STM32F0xx_DFP\1.4.0\Device\Include

<h2>Collection of Component Files used:</h2>

   * Component: ARM::CMSIS:CORE:4.1.0
</pre>
</body>
</html>
